// Jest Snapshot v1, https://goo.gl/fbAQLP

exports[`renders correctly 1`] = `
<View
  style={undefined}
>
  <View
    style={
      Object {
        "backgroundColor": "#333333",
        "height": 200,
      }
    }
  >
    <View
      style={
        Object {
          "display": "flex",
          "flexDirection": "row",
          "paddingLeft": 30,
          "paddingTop": 40,
        }
      }
    >
      <View>
        <View
          accessibilityComponentType={undefined}
          accessibilityLabel={undefined}
          accessibilityTraits={undefined}
          accessible={true}
          collapsable={undefined}
          hitSlop={undefined}
          isTVSelectable={true}
          nativeID={undefined}
          onLayout={undefined}
          onResponderGrant={[Function]}
          onResponderMove={[Function]}
          onResponderRelease={[Function]}
          onResponderTerminate={[Function]}
          onResponderTerminationRequest={[Function]}
          onStartShouldSetResponder={[Function]}
          style={
            Object {
              "alignItems": "center",
              "backgroundColor": "#fff",
              "borderColor": "rgba(0,0,0,0.2)",
              "borderRadius": 50,
              "borderWidth": 1,
              "height": 100,
              "justifyContent": "center",
              "opacity": 1,
              "width": 100,
            }
          }
          testID={undefined}
          tvParallaxProperties={undefined}
        >
          <Image
            source={
              Object {
                "testUri": "../../../app/assets/silhouette200.png",
              }
            }
            style={
              Object {
                "borderRadius": 50,
                "height": 100,
                "width": 100,
              }
            }
          />
        </View>
      </View>
      <View
        style={
          Object {
            "alignItems": "center",
            "flex": 1,
            "justifyContent": "center",
            "paddingLeft": 10,
          }
        }
      >
        <Text
          accessible={true}
          allowFontScaling={true}
          ellipsizeMode="tail"
          style={
            Array [
              Object {
                "color": "#ffffff",
              },
              Object {
                "fontSize": 22,
              },
              Object {
                "paddingBottom": 5,
              },
            ]
          }
        >
          John
        </Text>
        <Text
          accessible={true}
          allowFontScaling={true}
          ellipsizeMode="tail"
          style={
            Array [
              Object {
                "color": "#ffffff",
              },
              Object {
                "fontSize": 18,
              },
              Object {
                "paddingBottom": 5,
              },
            ]
          }
        >
          UI Technology
        </Text>
        <Text
          accessible={true}
          allowFontScaling={true}
          ellipsizeMode="tail"
          style={
            Array [
              Object {
                "color": "#ffffff",
              },
              Object {
                "fontSize": 18,
              },
              Object {
                "paddingBottom": 5,
              },
            ]
          }
        >
          john.smith@globant.com
        </Text>
        <Text
          accessible={true}
          allowFontScaling={true}
          ellipsizeMode="tail"
          style={
            Array [
              Object {
                "color": "#ffffff",
              },
              Object {
                "fontSize": 18,
              },
            ]
          }
        >
          Mar del Plata
          , 
          Argentina
        </Text>
      </View>
    </View>
  </View>
</View>
`;
