// Jest Snapshot v1, https://goo.gl/fbAQLP

exports[`renders correctly 1`] = `
<View>
  <View
    accessibilityComponentType={undefined}
    accessibilityLabel={undefined}
    accessibilityTraits={undefined}
    accessible={true}
    collapsable={undefined}
    hitSlop={undefined}
    isTVSelectable={true}
    nativeID={undefined}
    onLayout={undefined}
    onResponderGrant={[Function]}
    onResponderMove={[Function]}
    onResponderRelease={[Function]}
    onResponderTerminate={[Function]}
    onResponderTerminationRequest={[Function]}
    onStartShouldSetResponder={[Function]}
    style={
      Object {
        "alignItems": "center",
        "backgroundColor": "#fff",
        "borderColor": "rgba(0,0,0,0.2)",
        "borderRadius": 30,
        "borderWidth": 1,
        "height": 60,
        "justifyContent": "center",
        "opacity": 1,
        "width": 60,
      }
    }
    testID={undefined}
    tvParallaxProperties={undefined}
  >
    <Image
      source={
        Object {
          "testUri": "../../../app/assets/silhouette200.png",
        }
      }
      style={
        Object {
          "borderRadius": 30,
          "height": 60,
          "width": 60,
        }
      }
    />
  </View>
</View>
`;
